// Jest Snapshot v1, https://goo.gl/fbAQLP

exports[`<TalentHeader /> should render a div 1`] = `null`;
